
> client@0.0.0 build
> vite build

[36mvite v6.4.1 [32mbuilding for production...[36m[39m
transforming...
[32mΓ£ô[39m 2225 modules transformed.
rendering chunks...
computing gzip size...
[2mdist/[22m[32mindex.html                          [39m[1m[2m  0.80 kB[22m[1m[22m[2m Γöé gzip:   0.44 kB[22m
[2mdist/[22m[35massets/index-Cu4ztFFY.css           [39m[1m[2m 62.16 kB[22m[1m[22m[2m Γöé gzip:  10.15 kB[22m
[2mdist/[22m[36massets/confetti.module-C2jkTI5u.js  [39m[1m[2m 10.70 kB[22m[1m[22m[2m Γöé gzip:   4.29 kB[22m
[2mdist/[22m[36massets/index-BtNUjCyk.js            [39m[1m[33m585.77 kB[39m[22m[2m Γöé gzip: 190.70 kB[22m
node.exe : [33m
At line:1 char:1
+ & "C:\Program 
Files\nodejs/node.exe" 
"C:\Program 
Files\nodejs/node_mo 
...
+ ~~~~~~~~~~~~~~~~~~~~~
~~~~~~~~~~~~~~~~~~~~~~~
~~~~~~~~~~~~~~~~~~~~~~~
~~
    + CategoryInfo     
         : NotSpecifi  
  ed: ([33m:String)   
  [], RemoteExcepti    
on
    + FullyQualifiedEr 
   rorId : NativeComm  
  andError
 
(!) Some chunks are 
larger than 500 kB 
after minification. 
Consider:
- Using dynamic 
import() to code-split 
the application
- Use build.rollupOptio
ns.output.manualChunks 
to improve chunking: ht
tps://rollupjs.org/conf
iguration-options/#outp
ut-manualchunks
- Adjust chunk size 
limit for this warning 
via build.chunkSizeWarn
ingLimit.[39m
[32mΓ£ô built in 8.04s[39m
